---
source: tests/snapshots.rs
assertion_line: 46
expression: stringify_bytes(&ciphertext.to_bytes())
---
AgQbzI7_NulX5AZav0Ty90yRPsu9APHrKvYGo03s3Dn_Aqr3F8gU1UEk63HrL2YVqBPPQND2qwBESv2nMM7ITvq8
